mode: set
github.com/icaroribeiro/new-go-code-challenge-template/internal/transport/http/router/healthcheck/router.go:13.94,25.2 2 1
github.com/icaroribeiro/new-go-code-challenge-template/internal/transport/http/presentation/handler/healthcheck/handler.go:16.67,20.2 1 1
github.com/icaroribeiro/new-go-code-challenge-template/internal/transport/http/presentation/handler/healthcheck/handler.go:31.69,34.57 2 1
github.com/icaroribeiro/new-go-code-challenge-template/internal/transport/http/presentation/handler/healthcheck/handler.go:38.2,38.95 1 1
github.com/icaroribeiro/new-go-code-challenge-template/internal/transport/http/presentation/handler/healthcheck/handler.go:34.57,36.3 1 1
github.com/icaroribeiro/new-go-code-challenge-template/internal/infrastructure/storage/datastore/middleware/dbtrx/middleware.go:26.64,28.2 1 0
github.com/icaroribeiro/new-go-code-challenge-template/internal/infrastructure/storage/datastore/middleware/dbtrx/middleware.go:30.40,32.2 1 0
github.com/icaroribeiro/new-go-code-challenge-template/internal/infrastructure/storage/datastore/middleware/dbtrx/middleware.go:34.55,35.20 1 0
github.com/icaroribeiro/new-go-code-challenge-template/internal/infrastructure/storage/datastore/middleware/dbtrx/middleware.go:39.2,41.23 3 0
github.com/icaroribeiro/new-go-code-challenge-template/internal/infrastructure/storage/datastore/middleware/dbtrx/middleware.go:35.20,37.3 1 0
github.com/icaroribeiro/new-go-code-challenge-template/internal/infrastructure/storage/datastore/middleware/dbtrx/middleware.go:44.68,45.39 1 0
github.com/icaroribeiro/new-go-code-challenge-template/internal/infrastructure/storage/datastore/middleware/dbtrx/middleware.go:51.2,51.14 1 0
github.com/icaroribeiro/new-go-code-challenge-template/internal/infrastructure/storage/datastore/middleware/dbtrx/middleware.go:45.39,46.26 1 0
github.com/icaroribeiro/new-go-code-challenge-template/internal/infrastructure/storage/datastore/middleware/dbtrx/middleware.go:46.26,48.4 1 0
github.com/icaroribeiro/new-go-code-challenge-template/internal/infrastructure/storage/datastore/middleware/dbtrx/middleware.go:55.65,56.54 1 0
github.com/icaroribeiro/new-go-code-challenge-template/internal/infrastructure/storage/datastore/middleware/dbtrx/middleware.go:56.54,57.55 1 0
github.com/icaroribeiro/new-go-code-challenge-template/internal/infrastructure/storage/datastore/middleware/dbtrx/middleware.go:57.55,58.17 1 0
github.com/icaroribeiro/new-go-code-challenge-template/internal/infrastructure/storage/datastore/middleware/dbtrx/middleware.go:62.4,63.17 2 0
github.com/icaroribeiro/new-go-code-challenge-template/internal/infrastructure/storage/datastore/middleware/dbtrx/middleware.go:70.4,79.63 7 0
github.com/icaroribeiro/new-go-code-challenge-template/internal/infrastructure/storage/datastore/middleware/dbtrx/middleware.go:58.17,60.5 1 0
github.com/icaroribeiro/new-go-code-challenge-template/internal/infrastructure/storage/datastore/middleware/dbtrx/middleware.go:63.17,64.33 1 0
github.com/icaroribeiro/new-go-code-challenge-template/internal/infrastructure/storage/datastore/middleware/dbtrx/middleware.go:64.33,66.6 1 0
github.com/icaroribeiro/new-go-code-challenge-template/internal/infrastructure/storage/datastore/middleware/dbtrx/middleware.go:79.63,80.48 1 0
github.com/icaroribeiro/new-go-code-challenge-template/internal/infrastructure/storage/datastore/middleware/dbtrx/middleware.go:80.48,84.6 3 0
github.com/icaroribeiro/new-go-code-challenge-template/internal/infrastructure/storage/datastore/middleware/dbtrx/middleware.go:85.10,88.5 2 0
github.com/icaroribeiro/new-go-code-challenge-template/internal/application/service/healthcheck/service.go:13.51,17.2 1 1
github.com/icaroribeiro/new-go-code-challenge-template/internal/application/service/healthcheck/service.go:21.37,23.16 2 1
github.com/icaroribeiro/new-go-code-challenge-template/internal/application/service/healthcheck/service.go:27.2,27.33 1 1
github.com/icaroribeiro/new-go-code-challenge-template/internal/application/service/healthcheck/service.go:31.2,31.12 1 1
github.com/icaroribeiro/new-go-code-challenge-template/internal/application/service/healthcheck/service.go:23.16,25.3 1 1
github.com/icaroribeiro/new-go-code-challenge-template/internal/application/service/healthcheck/service.go:27.33,29.3 1 1
github.com/icaroribeiro/new-go-code-challenge-template/pkg/auth/auth.go:23.33,30.2 1 1
github.com/icaroribeiro/new-go-code-challenge-template/pkg/auth/auth.go:33.90,47.2 4 1
github.com/icaroribeiro/new-go-code-challenge-template/pkg/auth/auth.go:49.83,50.57 1 1
github.com/icaroribeiro/new-go-code-challenge-template/pkg/auth/auth.go:57.2,57.40 1 1
github.com/icaroribeiro/new-go-code-challenge-template/pkg/auth/auth.go:50.57,51.57 1 1
github.com/icaroribeiro/new-go-code-challenge-template/pkg/auth/auth.go:54.3,54.24 1 1
github.com/icaroribeiro/new-go-code-challenge-template/pkg/auth/auth.go:51.57,53.4 1 1
github.com/icaroribeiro/new-go-code-challenge-template/pkg/auth/auth.go:62.68,65.48 2 1
github.com/icaroribeiro/new-go-code-challenge-template/pkg/auth/auth.go:75.2,75.19 1 1
github.com/icaroribeiro/new-go-code-challenge-template/pkg/auth/auth.go:65.48,66.22 1 1
github.com/icaroribeiro/new-go-code-challenge-template/pkg/auth/auth.go:67.35,69.58 2 1
github.com/icaroribeiro/new-go-code-challenge-template/pkg/auth/auth.go:70.11,71.19 1 1
github.com/icaroribeiro/new-go-code-challenge-template/pkg/auth/auth.go:80.105,83.48 2 1
github.com/icaroribeiro/new-go-code-challenge-template/pkg/auth/auth.go:92.2,98.59 4 1
github.com/icaroribeiro/new-go-code-challenge-template/pkg/auth/auth.go:103.2,103.19 1 1
github.com/icaroribeiro/new-go-code-challenge-template/pkg/auth/auth.go:83.48,84.22 1 1
github.com/icaroribeiro/new-go-code-challenge-template/pkg/auth/auth.go:85.35,86.9 1 1
github.com/icaroribeiro/new-go-code-challenge-template/pkg/auth/auth.go:87.11,88.21 1 1
github.com/icaroribeiro/new-go-code-challenge-template/pkg/auth/auth.go:98.59,101.3 2 1
github.com/icaroribeiro/new-go-code-challenge-template/pkg/auth/auth.go:107.79,110.18 2 1
github.com/icaroribeiro/new-go-code-challenge-template/pkg/auth/auth.go:114.2,117.9 3 1
github.com/icaroribeiro/new-go-code-challenge-template/pkg/auth/auth.go:121.2,122.16 2 1
github.com/icaroribeiro/new-go-code-challenge-template/pkg/auth/auth.go:126.2,127.9 2 1
github.com/icaroribeiro/new-go-code-challenge-template/pkg/auth/auth.go:131.2,132.16 2 1
github.com/icaroribeiro/new-go-code-challenge-template/pkg/auth/auth.go:136.2,139.18 3 1
github.com/icaroribeiro/new-go-code-challenge-template/pkg/auth/auth.go:110.18,112.3 1 1
github.com/icaroribeiro/new-go-code-challenge-template/pkg/auth/auth.go:117.9,119.3 1 1
github.com/icaroribeiro/new-go-code-challenge-template/pkg/auth/auth.go:122.16,124.3 1 1
github.com/icaroribeiro/new-go-code-challenge-template/pkg/auth/auth.go:127.9,129.3 1 1
github.com/icaroribeiro/new-go-code-challenge-template/pkg/auth/auth.go:132.16,134.3 1 1
github.com/icaroribeiro/new-go-code-challenge-template/pkg/customerror/customerror.go:32.28,34.2 1 1
github.com/icaroribeiro/new-go-code-challenge-template/pkg/customerror/customerror.go:37.50,39.2 1 1
github.com/icaroribeiro/new-go-code-challenge-template/pkg/customerror/customerror.go:42.41,44.2 1 1
github.com/icaroribeiro/new-go-code-challenge-template/pkg/customerror/customerror.go:47.50,49.2 1 1
github.com/icaroribeiro/new-go-code-challenge-template/pkg/customerror/customerror.go:52.72,54.2 1 1
github.com/icaroribeiro/new-go-code-challenge-template/pkg/customerror/customerror.go:57.35,58.46 1 1
github.com/icaroribeiro/new-go-code-challenge-template/pkg/customerror/customerror.go:62.2,62.15 1 1
github.com/icaroribeiro/new-go-code-challenge-template/pkg/customerror/customerror.go:58.46,60.3 1 1
github.com/icaroribeiro/new-go-code-challenge-template/pkg/httputil/adapter/adapter.go:16.83,20.2 1 1
github.com/icaroribeiro/new-go-code-challenge-template/pkg/httputil/adapter/adapter.go:23.72,28.30 3 1
github.com/icaroribeiro/new-go-code-challenge-template/pkg/httputil/adapter/adapter.go:32.2,32.20 1 1
github.com/icaroribeiro/new-go-code-challenge-template/pkg/httputil/adapter/adapter.go:28.30,30.3 1 1
github.com/icaroribeiro/new-go-code-challenge-template/pkg/httputil/handler/handler.go:6.40,7.71 1 1
github.com/icaroribeiro/new-go-code-challenge-template/pkg/httputil/handler/handler.go:7.71,9.3 1 1
github.com/icaroribeiro/new-go-code-challenge-template/pkg/httputil/handler/handler.go:13.48,14.71 1 1
github.com/icaroribeiro/new-go-code-challenge-template/pkg/httputil/handler/handler.go:14.71,16.3 1 1
github.com/icaroribeiro/new-go-code-challenge-template/pkg/env/env.go:9.69,11.9 2 1
github.com/icaroribeiro/new-go-code-challenge-template/pkg/env/env.go:15.2,15.14 1 1
github.com/icaroribeiro/new-go-code-challenge-template/pkg/env/env.go:11.9,13.3 1 1
github.com/icaroribeiro/new-go-code-challenge-template/internal/transport/http/router/swagger/router.go:13.48,27.2 3 1
github.com/icaroribeiro/new-go-code-challenge-template/pkg/httputil/request/request.go:23.53,27.8 3 1
github.com/icaroribeiro/new-go-code-challenge-template/pkg/httputil/request/request.go:42.2,43.8 2 1
github.com/icaroribeiro/new-go-code-challenge-template/pkg/httputil/request/request.go:47.2,47.16 1 1
github.com/icaroribeiro/new-go-code-challenge-template/pkg/httputil/request/request.go:27.8,28.23 1 1
github.com/icaroribeiro/new-go-code-challenge-template/pkg/httputil/request/request.go:32.3,35.42 3 1
github.com/icaroribeiro/new-go-code-challenge-template/pkg/httputil/request/request.go:39.3,39.45 1 1
github.com/icaroribeiro/new-go-code-challenge-template/pkg/httputil/request/request.go:28.23,30.4 1 1
github.com/icaroribeiro/new-go-code-challenge-template/pkg/httputil/request/request.go:35.42,37.4 1 1
github.com/icaroribeiro/new-go-code-challenge-template/pkg/httputil/request/request.go:43.8,45.3 1 1
github.com/icaroribeiro/new-go-code-challenge-template/pkg/httputil/request/request.go:51.70,52.35 1 1
github.com/icaroribeiro/new-go-code-challenge-template/pkg/httputil/request/request.go:52.35,53.32 1 1
github.com/icaroribeiro/new-go-code-challenge-template/pkg/httputil/request/request.go:53.32,55.4 1 1
github.com/icaroribeiro/new-go-code-challenge-template/pkg/httputil/request/request.go:60.81,61.37 1 1
github.com/icaroribeiro/new-go-code-challenge-template/pkg/httputil/request/request.go:61.37,65.9 3 1
github.com/icaroribeiro/new-go-code-challenge-template/pkg/httputil/request/request.go:65.9,68.4 2 1
github.com/icaroribeiro/new-go-code-challenge-template/pkg/httputil/response/response.go:13.82,18.16 4 1
github.com/icaroribeiro/new-go-code-challenge-template/pkg/httputil/response/response.go:24.2,24.19 1 1
github.com/icaroribeiro/new-go-code-challenge-template/pkg/httputil/response/response.go:18.16,22.3 3 1
github.com/icaroribeiro/new-go-code-challenge-template/pkg/httputil/response/response.go:28.61,33.19 3 1
github.com/icaroribeiro/new-go-code-challenge-template/pkg/httputil/response/response.go:48.2,48.72 1 1
github.com/icaroribeiro/new-go-code-challenge-template/pkg/httputil/response/response.go:34.30,35.37 1 1
github.com/icaroribeiro/new-go-code-challenge-template/pkg/httputil/response/response.go:36.32,37.39 1 1
github.com/icaroribeiro/new-go-code-challenge-template/pkg/httputil/response/response.go:38.28,39.35 1 1
github.com/icaroribeiro/new-go-code-challenge-template/pkg/httputil/response/response.go:40.28,41.35 1 1
github.com/icaroribeiro/new-go-code-challenge-template/pkg/httputil/response/response.go:42.39,43.46 1 1
github.com/icaroribeiro/new-go-code-challenge-template/pkg/httputil/response/response.go:44.10,45.46 1 1
github.com/icaroribeiro/new-go-code-challenge-template/pkg/datastore/postgres_driver.go:16.72,19.27 2 1
github.com/icaroribeiro/new-go-code-challenge-template/pkg/datastore/postgres_driver.go:31.2,34.16 3 1
github.com/icaroribeiro/new-go-code-challenge-template/pkg/datastore/postgres_driver.go:38.2,42.8 1 1
github.com/icaroribeiro/new-go-code-challenge-template/pkg/datastore/postgres_driver.go:19.27,21.3 1 1
github.com/icaroribeiro/new-go-code-challenge-template/pkg/datastore/postgres_driver.go:21.8,29.3 1 1
github.com/icaroribeiro/new-go-code-challenge-template/pkg/datastore/postgres_driver.go:34.16,36.3 1 1
github.com/icaroribeiro/new-go-code-challenge-template/pkg/datastore/postgres_driver.go:46.43,48.2 1 1
github.com/icaroribeiro/new-go-code-challenge-template/pkg/datastore/postgres_driver.go:51.40,53.2 1 1
github.com/icaroribeiro/new-go-code-challenge-template/pkg/datastore/datastore.go:13.58,16.16 2 1
github.com/icaroribeiro/new-go-code-challenge-template/pkg/datastore/datastore.go:21.2,21.82 1 1
github.com/icaroribeiro/new-go-code-challenge-template/pkg/datastore/datastore.go:17.18,18.37 1 1
github.com/icaroribeiro/new-go-code-challenge-template/pkg/datastore/datastore.go:25.37,27.2 1 1
github.com/icaroribeiro/new-go-code-challenge-template/pkg/datastore/datastore.go:30.34,32.16 2 1
github.com/icaroribeiro/new-go-code-challenge-template/pkg/datastore/datastore.go:36.2,36.19 1 1
github.com/icaroribeiro/new-go-code-challenge-template/pkg/datastore/datastore.go:32.16,34.3 1 1
github.com/icaroribeiro/new-go-code-challenge-template/pkg/middleware/logging/middleware.go:11.56,12.54 1 1
github.com/icaroribeiro/new-go-code-challenge-template/pkg/middleware/logging/middleware.go:12.54,13.55 1 1
github.com/icaroribeiro/new-go-code-challenge-template/pkg/middleware/logging/middleware.go:13.55,15.4 1 1
github.com/icaroribeiro/new-go-code-challenge-template/pkg/server/server.go:13.59,20.2 1 1
github.com/icaroribeiro/new-go-code-challenge-template/pkg/server/server.go:23.32,25.2 1 1
github.com/icaroribeiro/new-go-code-challenge-template/pkg/server/server.go:28.50,30.2 1 1
github.com/icaroribeiro/new-go-code-challenge-template/pkg/validator/validator.go:14.85,17.52 2 1
github.com/icaroribeiro/new-go-code-challenge-template/pkg/validator/validator.go:25.2,27.8 1 1
github.com/icaroribeiro/new-go-code-challenge-template/pkg/validator/validator.go:17.52,19.17 2 1
github.com/icaroribeiro/new-go-code-challenge-template/pkg/validator/validator.go:19.17,22.4 2 1
github.com/icaroribeiro/new-go-code-challenge-template/pkg/validator/validator.go:31.51,33.2 1 1
github.com/icaroribeiro/new-go-code-challenge-template/pkg/validator/validator.go:36.72,38.2 1 1
github.com/icaroribeiro/new-go-code-challenge-template/pkg/security/security.go:11.22,13.2 1 1
github.com/icaroribeiro/new-go-code-challenge-template/pkg/security/security.go:16.76,17.20 1 1
github.com/icaroribeiro/new-go-code-challenge-template/pkg/security/security.go:21.2,21.60 1 1
github.com/icaroribeiro/new-go-code-challenge-template/pkg/security/security.go:17.20,19.3 1 1
github.com/icaroribeiro/new-go-code-challenge-template/pkg/security/security.go:25.75,26.96 1 1
github.com/icaroribeiro/new-go-code-challenge-template/pkg/security/security.go:34.2,34.12 1 1
github.com/icaroribeiro/new-go-code-challenge-template/pkg/security/security.go:26.96,27.49 1 1
github.com/icaroribeiro/new-go-code-challenge-template/pkg/security/security.go:31.3,31.13 1 1
github.com/icaroribeiro/new-go-code-challenge-template/pkg/security/security.go:27.49,29.4 1 1
github.com/icaroribeiro/new-go-code-challenge-template/pkg/middleware/auth/middleware.go:17.113,18.54 1 1
github.com/icaroribeiro/new-go-code-challenge-template/pkg/middleware/auth/middleware.go:18.54,19.55 1 1
github.com/icaroribeiro/new-go-code-challenge-template/pkg/middleware/auth/middleware.go:19.55,21.25 2 1
github.com/icaroribeiro/new-go-code-challenge-template/pkg/middleware/auth/middleware.go:27.4,28.29 2 1
github.com/icaroribeiro/new-go-code-challenge-template/pkg/middleware/auth/middleware.go:34.4,35.18 2 1
github.com/icaroribeiro/new-go-code-challenge-template/pkg/middleware/auth/middleware.go:40.4,41.18 2 1
github.com/icaroribeiro/new-go-code-challenge-template/pkg/middleware/auth/middleware.go:48.4,51.27 3 1
github.com/icaroribeiro/new-go-code-challenge-template/pkg/middleware/auth/middleware.go:56.4,56.25 1 1
github.com/icaroribeiro/new-go-code-challenge-template/pkg/middleware/auth/middleware.go:62.4,62.55 1 1
github.com/icaroribeiro/new-go-code-challenge-template/pkg/middleware/auth/middleware.go:69.4,74.24 5 1
github.com/icaroribeiro/new-go-code-challenge-template/pkg/middleware/auth/middleware.go:21.25,25.5 3 1
github.com/icaroribeiro/new-go-code-challenge-template/pkg/middleware/auth/middleware.go:28.29,32.5 3 1
github.com/icaroribeiro/new-go-code-challenge-template/pkg/middleware/auth/middleware.go:35.18,38.5 2 1
github.com/icaroribeiro/new-go-code-challenge-template/pkg/middleware/auth/middleware.go:41.18,44.5 2 1
github.com/icaroribeiro/new-go-code-challenge-template/pkg/middleware/auth/middleware.go:51.27,54.5 2 1
github.com/icaroribeiro/new-go-code-challenge-template/pkg/middleware/auth/middleware.go:56.25,60.5 3 1
github.com/icaroribeiro/new-go-code-challenge-template/pkg/middleware/auth/middleware.go:62.55,66.5 3 1
github.com/icaroribeiro/new-go-code-challenge-template/pkg/validator/uuid/validator.go:13.50,15.36 2 1
github.com/icaroribeiro/new-go-code-challenge-template/pkg/validator/uuid/validator.go:19.2,19.46 1 1
github.com/icaroribeiro/new-go-code-challenge-template/pkg/validator/uuid/validator.go:23.2,26.16 3 1
github.com/icaroribeiro/new-go-code-challenge-template/pkg/validator/uuid/validator.go:30.2,30.12 1 1
github.com/icaroribeiro/new-go-code-challenge-template/pkg/validator/uuid/validator.go:15.36,17.3 1 1
github.com/icaroribeiro/new-go-code-challenge-template/pkg/validator/uuid/validator.go:19.46,21.3 1 1
github.com/icaroribeiro/new-go-code-challenge-template/pkg/validator/uuid/validator.go:26.16,28.3 1 1
