github.com/icaroribeiro/new-go-code-challenge-template/pkg/auth/auth.go:23:			New				100.0%
github.com/icaroribeiro/new-go-code-challenge-template/pkg/auth/auth.go:33:			CreateToken			100.0%
github.com/icaroribeiro/new-go-code-challenge-template/pkg/auth/auth.go:49:			parseToken			100.0%
github.com/icaroribeiro/new-go-code-challenge-template/pkg/auth/auth.go:62:			DecodeToken			100.0%
github.com/icaroribeiro/new-go-code-challenge-template/pkg/auth/auth.go:80:			ValidateTokenRenewal		100.0%
github.com/icaroribeiro/new-go-code-challenge-template/pkg/auth/auth.go:107:			FetchAuthFromToken		100.0%
github.com/icaroribeiro/new-go-code-challenge-template/pkg/customerror/customerror.go:32:	New				100.0%
github.com/icaroribeiro/new-go-code-challenge-template/pkg/customerror/customerror.go:37:	Newf				100.0%
github.com/icaroribeiro/new-go-code-challenge-template/pkg/customerror/customerror.go:42:	Error				100.0%
github.com/icaroribeiro/new-go-code-challenge-template/pkg/customerror/customerror.go:47:	New				100.0%
github.com/icaroribeiro/new-go-code-challenge-template/pkg/customerror/customerror.go:52:	Newf				100.0%
github.com/icaroribeiro/new-go-code-challenge-template/pkg/customerror/customerror.go:57:	GetType				100.0%
github.com/icaroribeiro/new-go-code-challenge-template/pkg/env/env.go:9:			GetEnvWithDefaultValue		100.0%
github.com/icaroribeiro/new-go-code-challenge-template/pkg/httputil/adapter/adapter.go:16:	AdaptFunc			100.0%
github.com/icaroribeiro/new-go-code-challenge-template/pkg/httputil/adapter/adapter.go:23:	With				100.0%
github.com/icaroribeiro/new-go-code-challenge-template/pkg/httputil/handler/handler.go:6:	GetNotFoundHandler		100.0%
github.com/icaroribeiro/new-go-code-challenge-template/pkg/httputil/handler/handler.go:13:	GetMethodNotAllowedHandler	100.0%
github.com/icaroribeiro/new-go-code-challenge-template/pkg/httputil/request/request.go:23:	PrepareRequestBody		100.0%
github.com/icaroribeiro/new-go-code-challenge-template/pkg/httputil/request/request.go:51:	SetRequestHeaders		100.0%
github.com/icaroribeiro/new-go-code-challenge-template/pkg/httputil/request/request.go:60:	SetRequestContext		100.0%
github.com/icaroribeiro/new-go-code-challenge-template/pkg/httputil/response/response.go:13:	RespondWithJson			100.0%
github.com/icaroribeiro/new-go-code-challenge-template/pkg/httputil/response/response.go:28:	RespondErrorWithJson		100.0%
github.com/icaroribeiro/new-go-code-challenge-template/pkg/middleware/auth/middleware.go:17:	Auth				100.0%
github.com/icaroribeiro/new-go-code-challenge-template/pkg/security/security.go:11:		New				100.0%
github.com/icaroribeiro/new-go-code-challenge-template/pkg/security/security.go:16:		HashPassword			100.0%
github.com/icaroribeiro/new-go-code-challenge-template/pkg/security/security.go:25:		VerifyPasswords			100.0%
github.com/icaroribeiro/new-go-code-challenge-template/pkg/server/server.go:13:			New				100.0%
github.com/icaroribeiro/new-go-code-challenge-template/pkg/server/server.go:23:			Start				100.0%
github.com/icaroribeiro/new-go-code-challenge-template/pkg/server/server.go:28:			Stop				100.0%
github.com/icaroribeiro/new-go-code-challenge-template/pkg/validator/uuid/validator.go:13:	Validate			100.0%
github.com/icaroribeiro/new-go-code-challenge-template/pkg/validator/validator.go:14:		New				100.0%
github.com/icaroribeiro/new-go-code-challenge-template/pkg/validator/validator.go:31:		Validate			100.0%
github.com/icaroribeiro/new-go-code-challenge-template/pkg/validator/validator.go:36:		ValidateWithTags		100.0%
total:												(statements)			100.0%
